// Jest Snapshot v1, https://goo.gl/fbAQLP

exports[`get dashboard data creates GET_DASHBOARD_DATA when fetching todos has been done 1`] = `Array []`;
